[
  {
    "filePath": "secrets.kt",
    "issueNumber": 1,
    "lineNumber": 7,
    "secretValue": "simple_password_kotlin_456!"
  },
  {
    "filePath": "secrets.kt",
    "issueNumber": 2,
    "lineNumber": 8,
    "secretValue": "api-key-kotlin-xyz-789"
  },
  {
    "filePath": "secrets.kt",
    "issueNumber": 3,
    "lineNumber": 10,
    "secretValue": "token-from-lazy-kotlin"
  },
  {
    "filePath": "secrets.kt",
    "issueNumber": 4,
    "lineNumber": 12,
    "secretValue": "cGFzc3dvcmRfS290bGluX29iZnVzY2F0ZWQ="
  },
  {
    "filePath": "secrets.kt",
    "issueNumber": 5,
    "lineNumber": 14,
    "secretValue": "-----BEGIN RSA PRIVATE KEY-----\n        MIIEpAIBAAKCAQEA4f5wg5l2hKsTeNem/V41fGnJm6gOdrj8ym3rFkEjWT2btjqd\n        vV9zw+b7VK8R+5d5f5m5Q5s5qG8y8t8r8q8s8y8g8h8k8l8m8n8o8p8s8t8r8q8\n        -----END RSA PRIVATE KEY-----"
  },
  {
    "filePath": "secrets.kt",
    "issueNumber": 6,
    "lineNumber": 21,
    "secretValue": "jdbc:postgresql://user:HardPass_kotlin_URL@localhost:5432/db"
  },
  {
    "filePath": "secrets.kt",
    "issueNumber": 7,
    "lineNumber": 24,
    "secretValue": "session_key_kotlin_445566"
  },
  {
    "filePath": "secrets.kt",
    "issueNumber": 8,
    "lineNumber": 25,
    "secretValue": "jwt_secret_kotlin_778899"
  },
  {
    "filePath": "secrets.kt",
    "issueNumber": 9,
    "lineNumber": 28,
    "secretValue": "deprecated_token_kotlin_annotation"
  },
  {
    "filePath": "secrets.kt",
    "issueNumber": 10,
    "lineNumber": 32,
    "secretValue": "dev_secret_kotlin_111"
  },
  {
    "filePath": "secrets.kt",
    "issueNumber": 11,
    "lineNumber": 33,
    "secretValue": "staging_secret_kotlin_222"
  },
  {
    "filePath": "secrets.kt",
    "issueNumber": 12,
    "lineNumber": 34,
    "secretValue": "prod_secret_kotlin_333"
  },
  {
    "filePath": "secrets.kt",
    "issueNumber": 13,
    "lineNumber": 35,
    "secretValue": "default_secret_kotlin_000"
  },
  {
    "filePath": "secrets.kt",
    "issueNumber": 14,
    "lineNumber": 39,
    "secretValue": "auth_token_kotlin_service1"
  },
  {
    "filePath": "secrets.kt",
    "issueNumber": 15,
    "lineNumber": 40,
    "secretValue": "auth_token_kotlin_service2"
  },
  {
    "filePath": "secrets.kt",
    "issueNumber": 16,
    "lineNumber": 43,
    "secretValue": "P@$w0rd_Kotlin_With_!#$%^&*()[]{}|\\:;\"'<>?,./"
  },
  {
    "filePath": "secrets.kt",
    "issueNumber": 17,
    "lineNumber": 45,
    "secretValue": "dG9rZW5fS290bGluX25vbl9vYnZpb3VzXzEyMw=="
  },
  {
    "filePath": "secrets.kt",
    "issueNumber": 18,
    "lineNumber": 48,
    "secretValue": "secret_from_companion_object_kotlin"
  },
  {
    "filePath": "secrets.kt",
    "issueNumber": 19,
    "lineNumber": 49,
    "secretValue": "internal_companion_token_kotlin"
  },
  {
    "filePath": "secrets.kt",
    "issueNumber": 20,
    "lineNumber": 52,
    "secretValue": "default_constructor_secret_kotlin"
  },
  {
    "filePath": "secrets.kt",
    "issueNumber": 21,
    "lineNumber": 56,
    "secretValue": "method_param_secret_kotlin_2024"
  },
  {
    "filePath": "secrets.kt",
    "issueNumber": 22,
    "lineNumber": 61,
    "secretValue": "lambda_secret_kotlin_xyz"
  },
  {
    "filePath": "secrets.kt",
    "issueNumber": 23,
    "lineNumber": 65,
    "secretValue": "-----BEGIN CERTIFICATE-----\\n...\\n-----END CERTIFICATE-----"
  },
  {
    "filePath": "secrets.kt",
    "issueNumber": 24,
    "lineNumber": 74,
    "secretValue": "dev_enum_secret_kotlin_111"
  },
  {
    "filePath": "secrets.kt",
    "issueNumber": 25,
    "lineNumber": 75,
    "secretValue": "staging_enum_secret_kotlin_222"
  },
  {
    "filePath": "secrets.kt",
    "issueNumber": 26,
    "lineNumber": 76,
    "secretValue": "prod_enum_secret_kotlin_333"
  },
  {
    "filePath": "secrets.kt",
    "issueNumber": 27,
    "lineNumber": 80,
    "secretValue": "inner_class_token_kotlin_444"
  },
  {
    "filePath": "secrets.kt",
    "issueNumber": 28,
    "lineNumber": 85,
    "secretValue": "extension_secret_kotlin_555"
  },
  {
    "filePath": "secrets.kt",
    "issueNumber": 29,
    "lineNumber": 89,
    "secretValue": "system_property_secret_kotlin_666"
  },
  {
    "filePath": "secrets.kt",
    "issueNumber": 30,
    "lineNumber": 93,
    "secretValue": "try_with_resources_token_kotlin_777"
  },
  {
    "filePath": "secrets.kt",
    "issueNumber": 31,
    "lineNumber": 95,
    "secretValue": "fallback_secret_kotlin_888"
  },
  {
    "filePath": "secrets.kt",
    "issueNumber": 32,
    "lineNumber": 100,
    "secretValue": "assert_secret_kotlin_999"
  },
  {
    "filePath": "secrets.kt",
    "issueNumber": 33,
    "lineNumber": 104,
    "secretValue": "sealed_success_token_kotlin_aaa"
  },
  {
    "filePath": "secrets.kt",
    "issueNumber": 34,
    "lineNumber": 105,
    "secretValue": "sealed_error_code_kotlin_bbb"
  },
  {
    "filePath": "secrets.kt",
    "issueNumber": 35,
    "lineNumber": 109,
    "secretValue": "annotation_secret_kotlin_ccc"
  },
  {
    "filePath": "secrets.kt",
    "issueNumber": 36,
    "lineNumber": 111,
    "secretValue": "annotation_secret_token_kotlin_ddd"
  },
  {
    "filePath": "secrets.kt",
    "issueNumber": 37,
    "lineNumber": 115,
    "secretValue": "builder_default_secret_kotlin_eee"
  },
  {
    "filePath": "secrets.kt",
    "issueNumber": 38,
    "lineNumber": 118,
    "secretValue": "built_jwt_secret_kotlin_fff"
  },
  {
    "filePath": "secrets.kt",
    "issueNumber": 39,
    "lineNumber": 122,
    "secretValue": "singleton_secret_kotlin_ggg"
  },
  {
    "filePath": "secrets.kt",
    "issueNumber": 40,
    "lineNumber": 125,
    "secretValue": "delegated_secret_kotlin_hhh"
  },
  {
    "filePath": "secrets.kt",
    "issueNumber": 41,
    "lineNumber": 128,
    "secretValue": "destructured_password_kotlin_iii"
  },
  {
    "filePath": "secrets.kt",
    "issueNumber": 42,
    "lineNumber": 133,
    "secretValue": "inline_reified_secret_kotlin_jjj"
  },
  {
    "filePath": "secrets.kt",
    "issueNumber": 43,
    "lineNumber": 138,
    "secretValue": "reflection_accessed_secret_kotlin_kkk"
  }
]
