[
  {
    "filePath": "secrets.java",
    "issueNumber": 1,
    "lineNumber": 9,
    "issueType": "Token",
    "secretValue": "deploy-token-from-javadoc-qwerty12345"
  },
  {
    "filePath": "secrets.java",
    "issueNumber": 2,
    "lineNumber": 14,
    "issueType": "Password",
    "secretValue": "simple_password_123!"
  },
  {
    "filePath": "secrets.java",
    "issueNumber": 3,
    "lineNumber": 16,
    "issueType": "API Key",
    "secretValue": "api-key-xyz-789-abc"
  },
  {
    "filePath": "secrets.java",
    "issueNumber": 4,
    "lineNumber": 18,
    "issueType": "Token",
    "secretValue": "token-from-char-array"
  },
  {
    "filePath": "secrets.java",
    "issueNumber": 5,
    "lineNumber": 20,
    "issueType": "Encoded Secret",
    "secretValue": "cGFzc3dvcmQtb2JmdXNjYXRlZC1ieS1iNjQ="
  },
  {
    "filePath": "secrets.java",
    "issueNumber": 6,
    "lineNumber": 22,
    "issueType": "Private Key",
    "secretValue": "-----BEGIN RSA PRIVATE KEY-----\nMIIEowIBAAKCAQEA0r1iBFc3w4V5s5z9Y9f1b9n2b8p7j6e8aG5hZmUvZG9jdW1l\nbnRzL2RldmVsb3BtZW50L3NlY3JldC1zY2FubmVyLXRlc3RpbmcvcHJpdmF0ZS1r\nZXkucGVtMB4XDTE4MDIyODIyNDQzM1oXDTE5MDIyODIyNDQzM1owgYExCzAJBgNV\nBAYTAlBMMRAwDgYDVQQIDAdNYXpvdmlhMRAwDgYDVQQHDAdXYXJzYXcxGDAWBgNV\nBAoMD1NlY3JldCBTdG9yYWdlMRcwFQYDVQQLDA5EZXZlbG9wbWVudCBDYTEcMBoG\nA1UEAwwTdGVzdC5zZWNyZXQuZXhhbXBsZS5jb20wggEiMA0GCSqGSIb3DQEBAQUA\nA4IBDwAwggEKAoIBAQC9s5J2Vq0/rV+wGqFj8GfW8K4M5J8Y3p0Yf+B6Z5G9fV+d\n-----END RSA PRIVATE KEY-----"
  },
  {
    "filePath": "secrets.java",
    "issueNumber": 7,
    "lineNumber": 32,
    "issueType": "Credential",
    "secretValue": "HardPass_in_URL"
  },
  {
    "filePath": "secrets.java",
    "issueNumber": 8,
    "lineNumber": 35,
    "issueType": "Token",
    "secretValue": "session_key_445566_commented"
  },
  {
    "filePath": "secrets.java",
    "issueNumber": 9,
    "lineNumber": 38,
    "issueType": "Token",
    "secretValue": "deprecated_token_in_annotation"
  },
  {
    "filePath": "secrets.java",
    "issueNumber": 10,
    "lineNumber": 45,
    "issueType": "Token",
    "secretValue": "auth_token_from_map_value"
  },
  {
    "filePath": "secrets.java",
    "issueNumber": 11,
    "lineNumber": 50,
    "issueType": "Password",
    "secretValue": "P@$$w0rd_With_!#$&*()[]{}<>`~"
  },
  {
    "filePath": "secrets.java",
    "issueNumber": 12,
    "lineNumber": 52,
    "issueType": "Encoded Secret",
    "secretValue": "dG9rZW4tbm9uLW9idmlvdXMtbmFtZQ=="
  },
  {
    "filePath": "secrets.java",
    "issueNumber": 13,
    "lineNumber": 57,
    "issueType": "Token",
    "secretValue": "secret_from_static_block_112233"
  },
  {
    "filePath": "secrets.java",
    "issueNumber": 14,
    "lineNumber": 60,
    "issueType": "Certificate",
    "secretValue": "-----BEGIN CERTIFICATE-----\nMIIDXTCCAkWgAwIBAgIJAKl secret_in_textblock_cert_12345\n... rest of certificate ...\n-----END CERTIFICATE-----"
  },
  {
    "filePath": "secrets.java",
    "issueNumber": 15,
    "lineNumber": 68,
    "issueType": "Token",
    "secretValue": "default_constructor_secret_999"
  },
  {
    "filePath": "secrets.java",
    "issueNumber": 16,
    "lineNumber": 72,
    "issueType": "Token",
    "secretValue": "method_param_secret_2024"
  },
  {
    "filePath": "secrets.java",
    "issueNumber": 17,
    "lineNumber": 75,
    "issueType": "API Key",
    "secretValue": "lambda_secret_key_xyz"
  },
  {
    "filePath": "secrets.java",
    "issueNumber": 18,
    "lineNumber": 78,
    "issueType": "Password",
    "secretValue": "record_password_567"
  },
  {
    "filePath": "secrets.java",
    "issueNumber": 19,
    "lineNumber": 82,
    "issueType": "API Key",
    "secretValue": "dev_api_key_111"
  },
  {
    "filePath": "secrets.java",
    "issueNumber": 20,
    "lineNumber": 83,
    "issueType": "API Key",
    "secretValue": "staging_api_key_222"
  },
  {
    "filePath": "secrets.java",
    "issueNumber": 21,
    "lineNumber": 84,
    "issueType": "API Key",
    "secretValue": "prod_api_key_333"
  },
  {
    "filePath": "secrets.java",
    "issueNumber": 22,
    "lineNumber": 94,
    "issueType": "Token",
    "secretValue": "inner_class_token_444"
  },
  {
    "filePath": "secrets.java",
    "issueNumber": 23,
    "lineNumber": 98,
    "issueType": "Token",
    "secretValue": "system_property_secret_555"
  },
  {
    "filePath": "secrets.java",
    "issueNumber": 24,
    "lineNumber": 102,
    "issueType": "Token",
    "secretValue": "try_with_resources_token_666"
  },
  {
    "filePath": "secrets.java",
    "issueNumber": 25,
    "lineNumber": 104,
    "issueType": "Token",
    "secretValue": "assert_secret_key_777"
  },
  {
    "filePath": "secrets.java",
    "issueNumber": 26,
    "lineNumber": 110,
    "issueType": "Token",
    "secretValue": "switch_dev_secret_888"
  },
  {
    "filePath": "secrets.java",
    "issueNumber": 27,
    "lineNumber": 111,
    "issueType": "Token",
    "secretValue": "switch_prod_secret_999"
  },
  {
    "filePath": "secrets.java",
    "issueNumber": 28,
    "lineNumber": 112,
    "issueType": "Token",
    "secretValue": "switch_default_secret_000"
  },
  {
    "filePath": "secrets.java",
    "issueNumber": 29,
    "lineNumber": 116,
    "issueType": "Token",
    "secretValue": "annotation_secret_token_aaa"
  },
  {
    "filePath": "secrets.java",
    "issueNumber": 30,
    "lineNumber": 121,
    "issueType": "Token",
    "secretValue": "builder_default_secret_bbb"
  },
  {
    "filePath": "secrets.java",
    "issueNumber": 31,
    "lineNumber": 125,
    "issueType": "Token",
    "secretValue": "_hashed_with_value_ccc"
  },
  {
    "filePath": "secrets.java",
    "issueNumber": 32,
    "lineNumber": 127,
    "issueType": "Token",
    "secretValue": "reflection_accessed_secret_ddd"
  }
]